// Jest Snapshot v1, https://goo.gl/fbAQLP

exports[`OrganizationStack Should have snapshot 1`] = `
Object {
  "Parameters": Object {
    "BootstrapVersion": Object {
      "Default": "/cdk-bootstrap/hnb659fds/version",
      "Description": "Version of the CDK Bootstrap resources in this environment, automatically retrieved from SSM Parameter Store. [cdk:skip]",
      "Type": "AWS::SSM::Parameter::Value<String>",
    },
  },
  "Resources": Object {
    "AWS679f53fac002430cb0da5b7982bd22872D164C4C": Object {
      "DependsOn": Array [
        "AWS679f53fac002430cb0da5b7982bd2287ServiceRoleDefaultPolicyD28E1A5E",
        "AWS679f53fac002430cb0da5b7982bd2287ServiceRoleC1EA0FF2",
      ],
      "Properties": Object {
        "Code": Object {
          "S3Bucket": Object {
            "Fn::Sub": "cdk-hnb659fds-assets-\${AWS::AccountId}-\${AWS::Region}",
          },
          "S3Key": "e845402ce43b66fc6f20df4a239f20f8662eb6c7f920b94cf6542dd0e64ce0f7.zip",
        },
        "Handler": "index.handler",
        "Role": Object {
          "Fn::GetAtt": Array [
            "AWS679f53fac002430cb0da5b7982bd2287ServiceRoleC1EA0FF2",
            "Arn",
          ],
        },
        "Runtime": "nodejs14.x",
        "Tags": Array [
          Object {
            "Key": "ExampleTagKey",
            "Value": "ExampleTagValue",
          },
        ],
        "Timeout": 120,
      },
      "Type": "AWS::Lambda::Function",
    },
    "AWS679f53fac002430cb0da5b7982bd2287ServiceRoleC1EA0FF2": Object {
      "Properties": Object {
        "AssumeRolePolicyDocument": Object {
          "Statement": Array [
            Object {
              "Action": "sts:AssumeRole",
              "Effect": "Allow",
              "Principal": Object {
                "Service": "lambda.amazonaws.com",
              },
            },
          ],
          "Version": "2012-10-17",
        },
        "ManagedPolicyArns": Array [
          Object {
            "Fn::Join": Array [
              "",
              Array [
                "arn:",
                Object {
                  "Ref": "AWS::Partition",
                },
                ":iam::aws:policy/service-role/AWSLambdaBasicExecutionRole",
              ],
            ],
          },
        ],
        "Tags": Array [
          Object {
            "Key": "ExampleTagKey",
            "Value": "ExampleTagValue",
          },
        ],
      },
      "Type": "AWS::IAM::Role",
    },
    "AWS679f53fac002430cb0da5b7982bd2287ServiceRoleDefaultPolicyD28E1A5E": Object {
      "Properties": Object {
        "PolicyDocument": Object {
          "Statement": Array [
            Object {
              "Action": Array [
                "iam:GetRole",
                "organizations:EnableAWSServiceAccess",
                "organizations:ListAccounts",
                "iam:CreateServiceLinkedRole",
                "organizations:DisableAWSServiceAccess",
                "organizations:DescribeOrganization",
                "organizations:ListAWSServiceAccessForOrganization",
              ],
              "Effect": "Allow",
              "Resource": "*",
            },
          ],
          "Version": "2012-10-17",
        },
        "PolicyName": "AWS679f53fac002430cb0da5b7982bd2287ServiceRoleDefaultPolicyD28E1A5E",
        "Roles": Array [
          Object {
            "Ref": "AWS679f53fac002430cb0da5b7982bd2287ServiceRoleC1EA0FF2",
          },
        ],
      },
      "Type": "AWS::IAM::Policy",
    },
    "ExampleCreateAccount88E1A10C": Object {
      "DeletionPolicy": "Delete",
      "DependsOn": Array [
        "ExampleOUOrganizationProvider6AC389E4",
        "ExampleOUTagsTagResource1D07DD22",
      ],
      "Properties": Object {
        "AccountName": "example",
        "Email": "your_email+example@gmail.com",
        "IamUserAccessToBilling": "ALLOW",
        "ImportOnDuplicate": "true",
        "ParentId": Object {
          "Fn::GetAtt": Array [
            "ExampleOUOrganizationProvider6AC389E4",
            "Id",
          ],
        },
        "RemovalPolicy": "retain",
        "RoleName": "OrganizationAccountAccessRole",
        "ServiceToken": Object {
          "Fn::GetAtt": Array [
            "cdkorganizationsAccountProviderNestedStackcdkorganizationsAccountProviderNestedStackResourceA1C2E3D5",
            "Outputs.testcdkorganizationsAccountProviderframeworkonEventC31BCB63Arn",
          ],
        },
      },
      "Type": "Custom::Organizations_Account",
      "UpdateReplacePolicy": "Delete",
    },
    "ExampleOUOrganizationProvider6AC389E4": Object {
      "DeletionPolicy": "Delete",
      "DependsOn": Array [
        "OrganizationEnableAiservicesOptOutPolicyEnablePolicyTypeCustomResourceCustomResourcePolicyC87EE874",
        "OrganizationEnableAiservicesOptOutPolicyEnablePolicyTypeCustomResource1EB0D486",
        "OrganizationRootRootCustomResourceCustomResourcePolicyB45F831E",
        "OrganizationRootRootCustomResourceBB74F060",
        "OrganizationRootTagsTagResourceCBEA7B2F",
      ],
      "Properties": Object {
        "ImportOnDuplicate": "true",
        "Name": "example",
        "ParentId": Object {
          "Fn::GetAtt": Array [
            "OrganizationRootRootCustomResourceBB74F060",
            "Roots.0.Id",
          ],
        },
        "RemovalPolicy": "retain",
        "ServiceToken": Object {
          "Fn::GetAtt": Array [
            "cdkorganizationsOrganizationalUnitProviderNestedStackcdkorganizationsOrganizationalUnitProviderNestedStackResource4FB360EE",
            "Outputs.testcdkorganizationsOrganizationalUnitProviderframeworkonEvent940556B3Arn",
          ],
        },
      },
      "Type": "Custom::Organizations_OrganizationalUnitProvider",
      "UpdateReplacePolicy": "Delete",
    },
    "ExampleOUTagsTagResource1D07DD22": Object {
      "DeletionPolicy": "Delete",
      "DependsOn": Array [
        "ExampleOUOrganizationProvider6AC389E4",
        "OrganizationEnableAiservicesOptOutPolicyEnablePolicyTypeCustomResourceCustomResourcePolicyC87EE874",
        "OrganizationEnableAiservicesOptOutPolicyEnablePolicyTypeCustomResource1EB0D486",
        "OrganizationRootRootCustomResourceCustomResourcePolicyB45F831E",
        "OrganizationRootRootCustomResourceBB74F060",
        "OrganizationRootTagsTagResourceCBEA7B2F",
      ],
      "Properties": Object {
        "ResourceId": Object {
          "Fn::GetAtt": Array [
            "ExampleOUOrganizationProvider6AC389E4",
            "Id",
          ],
        },
        "ServiceToken": Object {
          "Fn::GetAtt": Array [
            "cdkorganizationsTagResourceProviderNestedStackcdkorganizationsTagResourceProviderNestedStackResourceA7B8DF96",
            "Outputs.testcdkorganizationsTagResourceProviderframeworkonEventBF228F58Arn",
          ],
        },
        "Tags": Array [
          Object {
            "Key": "ExampleTagKey",
            "Value": "ExampleTagValue",
          },
        ],
      },
      "Type": "Custom::Organizations_TagResource",
      "UpdateReplacePolicy": "Delete",
    },
    "ExampleTagsTagResource07FC6C8C": Object {
      "DeletionPolicy": "Delete",
      "DependsOn": Array [
        "ExampleCreateAccount88E1A10C",
        "ExampleOUOrganizationProvider6AC389E4",
        "ExampleOUTagsTagResource1D07DD22",
      ],
      "Properties": Object {
        "ResourceId": Object {
          "Fn::GetAtt": Array [
            "ExampleCreateAccount88E1A10C",
            "AccountId",
          ],
        },
        "ServiceToken": Object {
          "Fn::GetAtt": Array [
            "cdkorganizationsTagResourceProviderNestedStackcdkorganizationsTagResourceProviderNestedStackResourceA7B8DF96",
            "Outputs.testcdkorganizationsTagResourceProviderframeworkonEventBF228F58Arn",
          ],
        },
        "Tags": Array [
          Object {
            "Key": "ExampleTagKey",
            "Value": "ExampleTagValue",
          },
        ],
      },
      "Type": "Custom::Organizations_TagResource",
      "UpdateReplacePolicy": "Delete",
    },
    "Organization06E16095": Object {
      "DeletionPolicy": "Delete",
      "Properties": Object {
        "FeatureSet": "ALL",
        "ServiceToken": Object {
          "Fn::GetAtt": Array [
            "cdkorganizationsOrganizationProviderNestedStackcdkorganizationsOrganizationProviderNestedStackResourceE0751832",
            "Outputs.testcdkorganizationsOrganizationProviderframeworkonEvent9F8877C4Arn",
          ],
        },
      },
      "Type": "Custom::Organizations_Organization",
      "UpdateReplacePolicy": "Delete",
    },
    "OrganizationEnableAiservicesOptOutPolicyEnablePolicyTypeCustomResource1EB0D486": Object {
      "DeletionPolicy": "Delete",
      "DependsOn": Array [
        "OrganizationEnableAiservicesOptOutPolicyEnablePolicyTypeCustomResourceCustomResourcePolicyC87EE874",
        "OrganizationEnableTagPolicyEnablePolicyTypeCustomResourceCustomResourcePolicyC8763B19",
        "OrganizationEnableTagPolicyEnablePolicyTypeCustomResourceDCB6F18A",
        "OrganizationRootRootCustomResourceCustomResourcePolicyB45F831E",
        "OrganizationRootRootCustomResourceBB74F060",
      ],
      "Properties": Object {
        "Create": Object {
          "Fn::Join": Array [
            "",
            Array [
              "{\\"service\\":\\"Organizations\\",\\"action\\":\\"enablePolicyType\\",\\"region\\":\\"us-east-1\\",\\"physicalResourceId\\":{\\"id\\":\\"",
              Object {
                "Fn::GetAtt": Array [
                  "OrganizationRootRootCustomResourceBB74F060",
                  "Roots.0.Id",
                ],
              },
              ":AISERVICES_OPT_OUT_POLICY\\"},\\"parameters\\":{\\"RootId\\":\\"",
              Object {
                "Fn::GetAtt": Array [
                  "OrganizationRootRootCustomResourceBB74F060",
                  "Roots.0.Id",
                ],
              },
              "\\",\\"PolicyType\\":\\"AISERVICES_OPT_OUT_POLICY\\"},\\"ignoreErrorCodesMatching\\":\\"PolicyTypeAlreadyEnabledException\\"}",
            ],
          ],
        },
        "Delete": Object {
          "Fn::Join": Array [
            "",
            Array [
              "{\\"service\\":\\"Organizations\\",\\"action\\":\\"disablePolicyType\\",\\"region\\":\\"us-east-1\\",\\"parameters\\":{\\"RootId\\":\\"",
              Object {
                "Fn::GetAtt": Array [
                  "OrganizationRootRootCustomResourceBB74F060",
                  "Roots.0.Id",
                ],
              },
              "\\",\\"PolicyType\\":\\"AISERVICES_OPT_OUT_POLICY\\"}}",
            ],
          ],
        },
        "InstallLatestAwsSdk": false,
        "ServiceToken": Object {
          "Fn::GetAtt": Array [
            "AWS679f53fac002430cb0da5b7982bd22872D164C4C",
            "Arn",
          ],
        },
      },
      "Type": "Custom::Organizations_EnablePolicyType",
      "UpdateReplacePolicy": "Delete",
    },
    "OrganizationEnableAiservicesOptOutPolicyEnablePolicyTypeCustomResourceCustomResourcePolicyC87EE874": Object {
      "DependsOn": Array [
        "OrganizationEnableTagPolicyEnablePolicyTypeCustomResourceCustomResourcePolicyC8763B19",
        "OrganizationEnableTagPolicyEnablePolicyTypeCustomResourceDCB6F18A",
        "OrganizationRootRootCustomResourceCustomResourcePolicyB45F831E",
        "OrganizationRootRootCustomResourceBB74F060",
      ],
      "Properties": Object {
        "PolicyDocument": Object {
          "Statement": Array [
            Object {
              "Action": "organizations:EnablePolicyType",
              "Effect": "Allow",
              "Resource": "*",
            },
            Object {
              "Action": "organizations:DisablePolicyType",
              "Effect": "Allow",
              "Resource": "*",
            },
          ],
          "Version": "2012-10-17",
        },
        "PolicyName": "OrganizationEnableAiservicesOptOutPolicyEnablePolicyTypeCustomResourceCustomResourcePolicyC87EE874",
        "Roles": Array [
          Object {
            "Ref": "AWS679f53fac002430cb0da5b7982bd2287ServiceRoleC1EA0FF2",
          },
        ],
      },
      "Type": "AWS::IAM::Policy",
    },
    "OrganizationEnableBackupPolicyEnablePolicyTypeCustomResource7553BF5D": Object {
      "DeletionPolicy": "Delete",
      "DependsOn": Array [
        "OrganizationEnableBackupPolicyEnablePolicyTypeCustomResourceCustomResourcePolicyCDDB11A0",
        "OrganizationEnableServiceControlPolicyEnablePolicyTypeCustomResourceCustomResourcePolicy0EC006E9",
        "OrganizationEnableServiceControlPolicyEnablePolicyTypeCustomResource79180BC7",
        "OrganizationRootRootCustomResourceCustomResourcePolicyB45F831E",
        "OrganizationRootRootCustomResourceBB74F060",
      ],
      "Properties": Object {
        "Create": Object {
          "Fn::Join": Array [
            "",
            Array [
              "{\\"service\\":\\"Organizations\\",\\"action\\":\\"enablePolicyType\\",\\"region\\":\\"us-east-1\\",\\"physicalResourceId\\":{\\"id\\":\\"",
              Object {
                "Fn::GetAtt": Array [
                  "OrganizationRootRootCustomResourceBB74F060",
                  "Roots.0.Id",
                ],
              },
              ":BACKUP_POLICY\\"},\\"parameters\\":{\\"RootId\\":\\"",
              Object {
                "Fn::GetAtt": Array [
                  "OrganizationRootRootCustomResourceBB74F060",
                  "Roots.0.Id",
                ],
              },
              "\\",\\"PolicyType\\":\\"BACKUP_POLICY\\"},\\"ignoreErrorCodesMatching\\":\\"PolicyTypeAlreadyEnabledException\\"}",
            ],
          ],
        },
        "Delete": Object {
          "Fn::Join": Array [
            "",
            Array [
              "{\\"service\\":\\"Organizations\\",\\"action\\":\\"disablePolicyType\\",\\"region\\":\\"us-east-1\\",\\"parameters\\":{\\"RootId\\":\\"",
              Object {
                "Fn::GetAtt": Array [
                  "OrganizationRootRootCustomResourceBB74F060",
                  "Roots.0.Id",
                ],
              },
              "\\",\\"PolicyType\\":\\"BACKUP_POLICY\\"}}",
            ],
          ],
        },
        "InstallLatestAwsSdk": false,
        "ServiceToken": Object {
          "Fn::GetAtt": Array [
            "AWS679f53fac002430cb0da5b7982bd22872D164C4C",
            "Arn",
          ],
        },
      },
      "Type": "Custom::Organizations_EnablePolicyType",
      "UpdateReplacePolicy": "Delete",
    },
    "OrganizationEnableBackupPolicyEnablePolicyTypeCustomResourceCustomResourcePolicyCDDB11A0": Object {
      "DependsOn": Array [
        "OrganizationEnableServiceControlPolicyEnablePolicyTypeCustomResourceCustomResourcePolicy0EC006E9",
        "OrganizationEnableServiceControlPolicyEnablePolicyTypeCustomResource79180BC7",
        "OrganizationRootRootCustomResourceCustomResourcePolicyB45F831E",
        "OrganizationRootRootCustomResourceBB74F060",
      ],
      "Properties": Object {
        "PolicyDocument": Object {
          "Statement": Array [
            Object {
              "Action": "organizations:EnablePolicyType",
              "Effect": "Allow",
              "Resource": "*",
            },
            Object {
              "Action": "organizations:DisablePolicyType",
              "Effect": "Allow",
              "Resource": "*",
            },
          ],
          "Version": "2012-10-17",
        },
        "PolicyName": "OrganizationEnableBackupPolicyEnablePolicyTypeCustomResourceCustomResourcePolicyCDDB11A0",
        "Roles": Array [
          Object {
            "Ref": "AWS679f53fac002430cb0da5b7982bd2287ServiceRoleC1EA0FF2",
          },
        ],
      },
      "Type": "AWS::IAM::Policy",
    },
    "OrganizationEnableConfigMultiaccountsetupAmazonawsComEnableAwsServiceAccessCustomResource3A59621B": Object {
      "DeletionPolicy": "Delete",
      "DependsOn": Array [
        "OrganizationEnableConfigMultiaccountsetupAmazonawsComEnableAwsServiceAccessCustomResourceCustomResourcePolicy2A524CEE",
        "OrganizationEnableSsmAmazonawsComEnableAwsServiceAccessCustomResourceCustomResourcePolicy8BE3ED27",
        "OrganizationEnableSsmAmazonawsComEnableAwsServiceAccessCustomResource4E491170",
        "Organization06E16095",
      ],
      "Properties": Object {
        "Create": "{\\"service\\":\\"Organizations\\",\\"action\\":\\"enableAWSServiceAccess\\",\\"region\\":\\"us-east-1\\",\\"physicalResourceId\\":{\\"id\\":\\"config-multiaccountsetup.amazonaws.com\\"},\\"parameters\\":{\\"ServicePrincipal\\":\\"config-multiaccountsetup.amazonaws.com\\"}}",
        "Delete": "{\\"service\\":\\"Organizations\\",\\"action\\":\\"disableAWSServiceAccess\\",\\"region\\":\\"us-east-1\\",\\"parameters\\":{\\"ServicePrincipal\\":\\"config-multiaccountsetup.amazonaws.com\\"}}",
        "InstallLatestAwsSdk": false,
        "ServiceToken": Object {
          "Fn::GetAtt": Array [
            "AWS679f53fac002430cb0da5b7982bd22872D164C4C",
            "Arn",
          ],
        },
      },
      "Type": "Custom::Organizations_EnableAwsServiceAccess",
      "UpdateReplacePolicy": "Delete",
    },
    "OrganizationEnableConfigMultiaccountsetupAmazonawsComEnableAwsServiceAccessCustomResourceCustomResourcePolicy2A524CEE": Object {
      "DependsOn": Array [
        "OrganizationEnableSsmAmazonawsComEnableAwsServiceAccessCustomResourceCustomResourcePolicy8BE3ED27",
        "OrganizationEnableSsmAmazonawsComEnableAwsServiceAccessCustomResource4E491170",
        "Organization06E16095",
      ],
      "Properties": Object {
        "PolicyDocument": Object {
          "Statement": Array [
            Object {
              "Action": "organizations:EnableAWSServiceAccess",
              "Effect": "Allow",
              "Resource": "*",
            },
            Object {
              "Action": "organizations:DisableAWSServiceAccess",
              "Effect": "Allow",
              "Resource": "*",
            },
          ],
          "Version": "2012-10-17",
        },
        "PolicyName": "OrganizationEnableConfigMultiaccountsetupAmazonawsComEnableAwsServiceAccessCustomResourceCustomResourcePolicy2A524CEE",
        "Roles": Array [
          Object {
            "Ref": "AWS679f53fac002430cb0da5b7982bd2287ServiceRoleC1EA0FF2",
          },
        ],
      },
      "Type": "AWS::IAM::Policy",
    },
    "OrganizationEnableServiceControlPolicyEnablePolicyTypeCustomResource79180BC7": Object {
      "DeletionPolicy": "Delete",
      "DependsOn": Array [
        "OrganizationEnableConfigMultiaccountsetupAmazonawsComEnableAwsServiceAccessCustomResourceCustomResourcePolicy2A524CEE",
        "OrganizationEnableConfigMultiaccountsetupAmazonawsComEnableAwsServiceAccessCustomResource3A59621B",
        "OrganizationEnableServiceControlPolicyEnablePolicyTypeCustomResourceCustomResourcePolicy0EC006E9",
        "OrganizationRootRootCustomResourceCustomResourcePolicyB45F831E",
        "OrganizationRootRootCustomResourceBB74F060",
      ],
      "Properties": Object {
        "Create": Object {
          "Fn::Join": Array [
            "",
            Array [
              "{\\"service\\":\\"Organizations\\",\\"action\\":\\"enablePolicyType\\",\\"region\\":\\"us-east-1\\",\\"physicalResourceId\\":{\\"id\\":\\"",
              Object {
                "Fn::GetAtt": Array [
                  "OrganizationRootRootCustomResourceBB74F060",
                  "Roots.0.Id",
                ],
              },
              ":SERVICE_CONTROL_POLICY\\"},\\"parameters\\":{\\"RootId\\":\\"",
              Object {
                "Fn::GetAtt": Array [
                  "OrganizationRootRootCustomResourceBB74F060",
                  "Roots.0.Id",
                ],
              },
              "\\",\\"PolicyType\\":\\"SERVICE_CONTROL_POLICY\\"},\\"ignoreErrorCodesMatching\\":\\"PolicyTypeAlreadyEnabledException\\"}",
            ],
          ],
        },
        "Delete": Object {
          "Fn::Join": Array [
            "",
            Array [
              "{\\"service\\":\\"Organizations\\",\\"action\\":\\"disablePolicyType\\",\\"region\\":\\"us-east-1\\",\\"parameters\\":{\\"RootId\\":\\"",
              Object {
                "Fn::GetAtt": Array [
                  "OrganizationRootRootCustomResourceBB74F060",
                  "Roots.0.Id",
                ],
              },
              "\\",\\"PolicyType\\":\\"SERVICE_CONTROL_POLICY\\"}}",
            ],
          ],
        },
        "InstallLatestAwsSdk": false,
        "ServiceToken": Object {
          "Fn::GetAtt": Array [
            "AWS679f53fac002430cb0da5b7982bd22872D164C4C",
            "Arn",
          ],
        },
      },
      "Type": "Custom::Organizations_EnablePolicyType",
      "UpdateReplacePolicy": "Delete",
    },
    "OrganizationEnableServiceControlPolicyEnablePolicyTypeCustomResourceCustomResourcePolicy0EC006E9": Object {
      "DependsOn": Array [
        "OrganizationEnableConfigMultiaccountsetupAmazonawsComEnableAwsServiceAccessCustomResourceCustomResourcePolicy2A524CEE",
        "OrganizationEnableConfigMultiaccountsetupAmazonawsComEnableAwsServiceAccessCustomResource3A59621B",
        "OrganizationRootRootCustomResourceCustomResourcePolicyB45F831E",
        "OrganizationRootRootCustomResourceBB74F060",
      ],
      "Properties": Object {
        "PolicyDocument": Object {
          "Statement": Array [
            Object {
              "Action": "organizations:EnablePolicyType",
              "Effect": "Allow",
              "Resource": "*",
            },
            Object {
              "Action": "organizations:DisablePolicyType",
              "Effect": "Allow",
              "Resource": "*",
            },
          ],
          "Version": "2012-10-17",
        },
        "PolicyName": "OrganizationEnableServiceControlPolicyEnablePolicyTypeCustomResourceCustomResourcePolicy0EC006E9",
        "Roles": Array [
          Object {
            "Ref": "AWS679f53fac002430cb0da5b7982bd2287ServiceRoleC1EA0FF2",
          },
        ],
      },
      "Type": "AWS::IAM::Policy",
    },
    "OrganizationEnableSsmAmazonawsComEnableAwsServiceAccessCustomResource4E491170": Object {
      "DeletionPolicy": "Delete",
      "DependsOn": Array [
        "OrganizationEnableSsmAmazonawsComEnableAwsServiceAccessCustomResourceCustomResourcePolicy8BE3ED27",
        "Organization06E16095",
      ],
      "Properties": Object {
        "Create": "{\\"service\\":\\"Organizations\\",\\"action\\":\\"enableAWSServiceAccess\\",\\"region\\":\\"us-east-1\\",\\"physicalResourceId\\":{\\"id\\":\\"ssm.amazonaws.com\\"},\\"parameters\\":{\\"ServicePrincipal\\":\\"ssm.amazonaws.com\\"}}",
        "Delete": "{\\"service\\":\\"Organizations\\",\\"action\\":\\"disableAWSServiceAccess\\",\\"region\\":\\"us-east-1\\",\\"parameters\\":{\\"ServicePrincipal\\":\\"ssm.amazonaws.com\\"}}",
        "InstallLatestAwsSdk": false,
        "ServiceToken": Object {
          "Fn::GetAtt": Array [
            "AWS679f53fac002430cb0da5b7982bd22872D164C4C",
            "Arn",
          ],
        },
      },
      "Type": "Custom::Organizations_EnableAwsServiceAccess",
      "UpdateReplacePolicy": "Delete",
    },
    "OrganizationEnableSsmAmazonawsComEnableAwsServiceAccessCustomResourceCustomResourcePolicy8BE3ED27": Object {
      "DependsOn": Array [
        "Organization06E16095",
      ],
      "Properties": Object {
        "PolicyDocument": Object {
          "Statement": Array [
            Object {
              "Action": "organizations:EnableAWSServiceAccess",
              "Effect": "Allow",
              "Resource": "*",
            },
            Object {
              "Action": "organizations:DisableAWSServiceAccess",
              "Effect": "Allow",
              "Resource": "*",
            },
          ],
          "Version": "2012-10-17",
        },
        "PolicyName": "OrganizationEnableSsmAmazonawsComEnableAwsServiceAccessCustomResourceCustomResourcePolicy8BE3ED27",
        "Roles": Array [
          Object {
            "Ref": "AWS679f53fac002430cb0da5b7982bd2287ServiceRoleC1EA0FF2",
          },
        ],
      },
      "Type": "AWS::IAM::Policy",
    },
    "OrganizationEnableTagPolicyEnablePolicyTypeCustomResourceCustomResourcePolicyC8763B19": Object {
      "DependsOn": Array [
        "OrganizationEnableBackupPolicyEnablePolicyTypeCustomResourceCustomResourcePolicyCDDB11A0",
        "OrganizationEnableBackupPolicyEnablePolicyTypeCustomResource7553BF5D",
        "OrganizationRootRootCustomResourceCustomResourcePolicyB45F831E",
        "OrganizationRootRootCustomResourceBB74F060",
      ],
      "Properties": Object {
        "PolicyDocument": Object {
          "Statement": Array [
            Object {
              "Action": "organizations:EnablePolicyType",
              "Effect": "Allow",
              "Resource": "*",
            },
            Object {
              "Action": "organizations:DisablePolicyType",
              "Effect": "Allow",
              "Resource": "*",
            },
          ],
          "Version": "2012-10-17",
        },
        "PolicyName": "OrganizationEnableTagPolicyEnablePolicyTypeCustomResourceCustomResourcePolicyC8763B19",
        "Roles": Array [
          Object {
            "Ref": "AWS679f53fac002430cb0da5b7982bd2287ServiceRoleC1EA0FF2",
          },
        ],
      },
      "Type": "AWS::IAM::Policy",
    },
    "OrganizationEnableTagPolicyEnablePolicyTypeCustomResourceDCB6F18A": Object {
      "DeletionPolicy": "Delete",
      "DependsOn": Array [
        "OrganizationEnableBackupPolicyEnablePolicyTypeCustomResourceCustomResourcePolicyCDDB11A0",
        "OrganizationEnableBackupPolicyEnablePolicyTypeCustomResource7553BF5D",
        "OrganizationEnableTagPolicyEnablePolicyTypeCustomResourceCustomResourcePolicyC8763B19",
        "OrganizationRootRootCustomResourceCustomResourcePolicyB45F831E",
        "OrganizationRootRootCustomResourceBB74F060",
      ],
      "Properties": Object {
        "Create": Object {
          "Fn::Join": Array [
            "",
            Array [
              "{\\"service\\":\\"Organizations\\",\\"action\\":\\"enablePolicyType\\",\\"region\\":\\"us-east-1\\",\\"physicalResourceId\\":{\\"id\\":\\"",
              Object {
                "Fn::GetAtt": Array [
                  "OrganizationRootRootCustomResourceBB74F060",
                  "Roots.0.Id",
                ],
              },
              ":TAG_POLICY\\"},\\"parameters\\":{\\"RootId\\":\\"",
              Object {
                "Fn::GetAtt": Array [
                  "OrganizationRootRootCustomResourceBB74F060",
                  "Roots.0.Id",
                ],
              },
              "\\",\\"PolicyType\\":\\"TAG_POLICY\\"},\\"ignoreErrorCodesMatching\\":\\"PolicyTypeAlreadyEnabledException\\"}",
            ],
          ],
        },
        "Delete": Object {
          "Fn::Join": Array [
            "",
            Array [
              "{\\"service\\":\\"Organizations\\",\\"action\\":\\"disablePolicyType\\",\\"region\\":\\"us-east-1\\",\\"parameters\\":{\\"RootId\\":\\"",
              Object {
                "Fn::GetAtt": Array [
                  "OrganizationRootRootCustomResourceBB74F060",
                  "Roots.0.Id",
                ],
              },
              "\\",\\"PolicyType\\":\\"TAG_POLICY\\"}}",
            ],
          ],
        },
        "InstallLatestAwsSdk": false,
        "ServiceToken": Object {
          "Fn::GetAtt": Array [
            "AWS679f53fac002430cb0da5b7982bd22872D164C4C",
            "Arn",
          ],
        },
      },
      "Type": "Custom::Organizations_EnablePolicyType",
      "UpdateReplacePolicy": "Delete",
    },
    "OrganizationRootRootCustomResourceBB74F060": Object {
      "DeletionPolicy": "Delete",
      "DependsOn": Array [
        "Organization06E16095",
        "OrganizationRootRootCustomResourceCustomResourcePolicyB45F831E",
      ],
      "Properties": Object {
        "Create": "{\\"service\\":\\"Organizations\\",\\"action\\":\\"listRoots\\",\\"region\\":\\"us-east-1\\",\\"physicalResourceId\\":{\\"responsePath\\":\\"Roots.0.Id\\"}}",
        "Delete": "{\\"service\\":\\"Organizations\\",\\"action\\":\\"listRoots\\",\\"region\\":\\"us-east-1\\"}",
        "InstallLatestAwsSdk": false,
        "ServiceToken": Object {
          "Fn::GetAtt": Array [
            "AWS679f53fac002430cb0da5b7982bd22872D164C4C",
            "Arn",
          ],
        },
        "Update": "{\\"service\\":\\"Organizations\\",\\"action\\":\\"listRoots\\",\\"region\\":\\"us-east-1\\",\\"physicalResourceId\\":{\\"responsePath\\":\\"Roots.0.Id\\"}}",
      },
      "Type": "Custom::Organizations_Root",
      "UpdateReplacePolicy": "Delete",
    },
    "OrganizationRootRootCustomResourceCustomResourcePolicyB45F831E": Object {
      "DependsOn": Array [
        "Organization06E16095",
      ],
      "Properties": Object {
        "PolicyDocument": Object {
          "Statement": Array [
            Object {
              "Action": "organizations:ListRoots",
              "Effect": "Allow",
              "Resource": "*",
            },
          ],
          "Version": "2012-10-17",
        },
        "PolicyName": "OrganizationRootRootCustomResourceCustomResourcePolicyB45F831E",
        "Roles": Array [
          Object {
            "Ref": "AWS679f53fac002430cb0da5b7982bd2287ServiceRoleC1EA0FF2",
          },
        ],
      },
      "Type": "AWS::IAM::Policy",
    },
    "OrganizationRootTagsTagResourceCBEA7B2F": Object {
      "DeletionPolicy": "Delete",
      "DependsOn": Array [
        "Organization06E16095",
        "OrganizationRootRootCustomResourceCustomResourcePolicyB45F831E",
        "OrganizationRootRootCustomResourceBB74F060",
      ],
      "Properties": Object {
        "ResourceId": Object {
          "Fn::GetAtt": Array [
            "OrganizationRootRootCustomResourceBB74F060",
            "Roots.0.Id",
          ],
        },
        "ServiceToken": Object {
          "Fn::GetAtt": Array [
            "cdkorganizationsTagResourceProviderNestedStackcdkorganizationsTagResourceProviderNestedStackResourceA7B8DF96",
            "Outputs.testcdkorganizationsTagResourceProviderframeworkonEventBF228F58Arn",
          ],
        },
        "Tags": Array [
          Object {
            "Key": "ExampleTagKey",
            "Value": "ExampleTagValue",
          },
        ],
      },
      "Type": "Custom::Organizations_TagResource",
      "UpdateReplacePolicy": "Delete",
    },
    "OrganizationTrailEnableAWSServiceAccessA9BA486B": Object {
      "DeletionPolicy": "Delete",
      "DependsOn": Array [
        "OrganizationEnableAiservicesOptOutPolicyEnablePolicyTypeCustomResourceCustomResourcePolicyC87EE874",
        "OrganizationEnableAiservicesOptOutPolicyEnablePolicyTypeCustomResource1EB0D486",
        "OrganizationEnableBackupPolicyEnablePolicyTypeCustomResourceCustomResourcePolicyCDDB11A0",
        "OrganizationEnableBackupPolicyEnablePolicyTypeCustomResource7553BF5D",
        "OrganizationEnableConfigMultiaccountsetupAmazonawsComEnableAwsServiceAccessCustomResourceCustomResourcePolicy2A524CEE",
        "OrganizationEnableConfigMultiaccountsetupAmazonawsComEnableAwsServiceAccessCustomResource3A59621B",
        "OrganizationEnableServiceControlPolicyEnablePolicyTypeCustomResourceCustomResourcePolicy0EC006E9",
        "OrganizationEnableServiceControlPolicyEnablePolicyTypeCustomResource79180BC7",
        "OrganizationEnableSsmAmazonawsComEnableAwsServiceAccessCustomResourceCustomResourcePolicy8BE3ED27",
        "OrganizationEnableSsmAmazonawsComEnableAwsServiceAccessCustomResource4E491170",
        "OrganizationEnableTagPolicyEnablePolicyTypeCustomResourceCustomResourcePolicyC8763B19",
        "OrganizationEnableTagPolicyEnablePolicyTypeCustomResourceDCB6F18A",
        "Organization06E16095",
        "OrganizationRootRootCustomResourceCustomResourcePolicyB45F831E",
        "OrganizationRootRootCustomResourceBB74F060",
        "OrganizationRootTagsTagResourceCBEA7B2F",
        "OrganizationTrailEnableAWSServiceAccessCustomResourcePolicy11A32EEC",
      ],
      "Properties": Object {
        "Create": "{\\"service\\":\\"Organizations\\",\\"action\\":\\"enableAWSServiceAccess\\",\\"physicalResourceId\\":{\\"id\\":\\"EnableAWSServiceAccess\\"},\\"region\\":\\"us-east-1\\",\\"parameters\\":{\\"ServicePrincipal\\":\\"cloudtrail.amazonaws.com\\"}}",
        "Delete": "{\\"service\\":\\"Organizations\\",\\"action\\":\\"disableAWSServiceAccess\\",\\"region\\":\\"us-east-1\\",\\"parameters\\":{\\"ServicePrincipal\\":\\"cloudtrail.amazonaws.com\\"}}",
        "InstallLatestAwsSdk": false,
        "ServiceToken": Object {
          "Fn::GetAtt": Array [
            "AWS679f53fac002430cb0da5b7982bd22872D164C4C",
            "Arn",
          ],
        },
      },
      "Type": "Custom::AWS",
      "UpdateReplacePolicy": "Delete",
    },
    "OrganizationTrailEnableAWSServiceAccessCustomResourcePolicy11A32EEC": Object {
      "DependsOn": Array [
        "OrganizationEnableAiservicesOptOutPolicyEnablePolicyTypeCustomResourceCustomResourcePolicyC87EE874",
        "OrganizationEnableAiservicesOptOutPolicyEnablePolicyTypeCustomResource1EB0D486",
        "OrganizationEnableBackupPolicyEnablePolicyTypeCustomResourceCustomResourcePolicyCDDB11A0",
        "OrganizationEnableBackupPolicyEnablePolicyTypeCustomResource7553BF5D",
        "OrganizationEnableConfigMultiaccountsetupAmazonawsComEnableAwsServiceAccessCustomResourceCustomResourcePolicy2A524CEE",
        "OrganizationEnableConfigMultiaccountsetupAmazonawsComEnableAwsServiceAccessCustomResource3A59621B",
        "OrganizationEnableServiceControlPolicyEnablePolicyTypeCustomResourceCustomResourcePolicy0EC006E9",
        "OrganizationEnableServiceControlPolicyEnablePolicyTypeCustomResource79180BC7",
        "OrganizationEnableSsmAmazonawsComEnableAwsServiceAccessCustomResourceCustomResourcePolicy8BE3ED27",
        "OrganizationEnableSsmAmazonawsComEnableAwsServiceAccessCustomResource4E491170",
        "OrganizationEnableTagPolicyEnablePolicyTypeCustomResourceCustomResourcePolicyC8763B19",
        "OrganizationEnableTagPolicyEnablePolicyTypeCustomResourceDCB6F18A",
        "Organization06E16095",
        "OrganizationRootRootCustomResourceCustomResourcePolicyB45F831E",
        "OrganizationRootRootCustomResourceBB74F060",
        "OrganizationRootTagsTagResourceCBEA7B2F",
      ],
      "Properties": Object {
        "PolicyDocument": Object {
          "Statement": Array [
            Object {
              "Action": "organizations:EnableAWSServiceAccess",
              "Effect": "Allow",
              "Resource": "*",
            },
            Object {
              "Action": "organizations:DisableAWSServiceAccess",
              "Effect": "Allow",
              "Resource": "*",
            },
          ],
          "Version": "2012-10-17",
        },
        "PolicyName": "OrganizationTrailEnableAWSServiceAccessCustomResourcePolicy11A32EEC",
        "Roles": Array [
          Object {
            "Ref": "AWS679f53fac002430cb0da5b7982bd2287ServiceRoleC1EA0FF2",
          },
        ],
      },
      "Type": "AWS::IAM::Policy",
    },
    "OrganizationTrailOrganizationTrailBucket31446F20": Object {
      "DeletionPolicy": "Retain",
      "DependsOn": Array [
        "OrganizationEnableAiservicesOptOutPolicyEnablePolicyTypeCustomResourceCustomResourcePolicyC87EE874",
        "OrganizationEnableAiservicesOptOutPolicyEnablePolicyTypeCustomResource1EB0D486",
        "OrganizationEnableBackupPolicyEnablePolicyTypeCustomResourceCustomResourcePolicyCDDB11A0",
        "OrganizationEnableBackupPolicyEnablePolicyTypeCustomResource7553BF5D",
        "OrganizationEnableConfigMultiaccountsetupAmazonawsComEnableAwsServiceAccessCustomResourceCustomResourcePolicy2A524CEE",
        "OrganizationEnableConfigMultiaccountsetupAmazonawsComEnableAwsServiceAccessCustomResource3A59621B",
        "OrganizationEnableServiceControlPolicyEnablePolicyTypeCustomResourceCustomResourcePolicy0EC006E9",
        "OrganizationEnableServiceControlPolicyEnablePolicyTypeCustomResource79180BC7",
        "OrganizationEnableSsmAmazonawsComEnableAwsServiceAccessCustomResourceCustomResourcePolicy8BE3ED27",
        "OrganizationEnableSsmAmazonawsComEnableAwsServiceAccessCustomResource4E491170",
        "OrganizationEnableTagPolicyEnablePolicyTypeCustomResourceCustomResourcePolicyC8763B19",
        "OrganizationEnableTagPolicyEnablePolicyTypeCustomResourceDCB6F18A",
        "Organization06E16095",
        "OrganizationRootRootCustomResourceCustomResourcePolicyB45F831E",
        "OrganizationRootRootCustomResourceBB74F060",
        "OrganizationRootTagsTagResourceCBEA7B2F",
      ],
      "Properties": Object {
        "PublicAccessBlockConfiguration": Object {
          "BlockPublicAcls": true,
          "BlockPublicPolicy": true,
          "IgnorePublicAcls": true,
          "RestrictPublicBuckets": true,
        },
        "Tags": Array [
          Object {
            "Key": "ExampleTagKey",
            "Value": "ExampleTagValue",
          },
        ],
      },
      "Type": "AWS::S3::Bucket",
      "UpdateReplacePolicy": "Retain",
    },
    "OrganizationTrailOrganizationTrailBucketPolicy427FC147": Object {
      "DependsOn": Array [
        "OrganizationEnableAiservicesOptOutPolicyEnablePolicyTypeCustomResourceCustomResourcePolicyC87EE874",
        "OrganizationEnableAiservicesOptOutPolicyEnablePolicyTypeCustomResource1EB0D486",
        "OrganizationEnableBackupPolicyEnablePolicyTypeCustomResourceCustomResourcePolicyCDDB11A0",
        "OrganizationEnableBackupPolicyEnablePolicyTypeCustomResource7553BF5D",
        "OrganizationEnableConfigMultiaccountsetupAmazonawsComEnableAwsServiceAccessCustomResourceCustomResourcePolicy2A524CEE",
        "OrganizationEnableConfigMultiaccountsetupAmazonawsComEnableAwsServiceAccessCustomResource3A59621B",
        "OrganizationEnableServiceControlPolicyEnablePolicyTypeCustomResourceCustomResourcePolicy0EC006E9",
        "OrganizationEnableServiceControlPolicyEnablePolicyTypeCustomResource79180BC7",
        "OrganizationEnableSsmAmazonawsComEnableAwsServiceAccessCustomResourceCustomResourcePolicy8BE3ED27",
        "OrganizationEnableSsmAmazonawsComEnableAwsServiceAccessCustomResource4E491170",
        "OrganizationEnableTagPolicyEnablePolicyTypeCustomResourceCustomResourcePolicyC8763B19",
        "OrganizationEnableTagPolicyEnablePolicyTypeCustomResourceDCB6F18A",
        "Organization06E16095",
        "OrganizationRootRootCustomResourceCustomResourcePolicyB45F831E",
        "OrganizationRootRootCustomResourceBB74F060",
        "OrganizationRootTagsTagResourceCBEA7B2F",
      ],
      "Properties": Object {
        "Bucket": Object {
          "Ref": "OrganizationTrailOrganizationTrailBucket31446F20",
        },
        "PolicyDocument": Object {
          "Statement": Array [
            Object {
              "Action": "s3:GetBucketAcl",
              "Effect": "Allow",
              "Principal": Object {
                "Service": "cloudtrail.amazonaws.com",
              },
              "Resource": Object {
                "Fn::GetAtt": Array [
                  "OrganizationTrailOrganizationTrailBucket31446F20",
                  "Arn",
                ],
              },
            },
            Object {
              "Action": "s3:PutObject",
              "Condition": Object {
                "StringEquals": Object {
                  "s3:x-amz-acl": "bucket-owner-full-control",
                },
              },
              "Effect": "Allow",
              "Principal": Object {
                "Service": "cloudtrail.amazonaws.com",
              },
              "Resource": Object {
                "Fn::Join": Array [
                  "",
                  Array [
                    Object {
                      "Fn::GetAtt": Array [
                        "OrganizationTrailOrganizationTrailBucket31446F20",
                        "Arn",
                      ],
                    },
                    "/AWSLogs/",
                    Object {
                      "Fn::GetAtt": Array [
                        "Organization06E16095",
                        "Id",
                      ],
                    },
                    "/*",
                  ],
                ],
              },
            },
            Object {
              "Action": "s3:PutObject",
              "Condition": Object {
                "StringEquals": Object {
                  "s3:x-amz-acl": "bucket-owner-full-control",
                },
              },
              "Effect": "Allow",
              "Principal": Object {
                "Service": "cloudtrail.amazonaws.com",
              },
              "Resource": Object {
                "Fn::Join": Array [
                  "",
                  Array [
                    Object {
                      "Fn::GetAtt": Array [
                        "OrganizationTrailOrganizationTrailBucket31446F20",
                        "Arn",
                      ],
                    },
                    "/AWSLogs/",
                    Object {
                      "Ref": "AWS::AccountId",
                    },
                    "/*",
                  ],
                ],
              },
            },
          ],
          "Version": "2012-10-17",
        },
      },
      "Type": "AWS::S3::BucketPolicy",
    },
    "OrganizationTrailOrganizationTrailCreate61482CB5": Object {
      "DeletionPolicy": "Delete",
      "DependsOn": Array [
        "OrganizationEnableAiservicesOptOutPolicyEnablePolicyTypeCustomResourceCustomResourcePolicyC87EE874",
        "OrganizationEnableAiservicesOptOutPolicyEnablePolicyTypeCustomResource1EB0D486",
        "OrganizationEnableBackupPolicyEnablePolicyTypeCustomResourceCustomResourcePolicyCDDB11A0",
        "OrganizationEnableBackupPolicyEnablePolicyTypeCustomResource7553BF5D",
        "OrganizationEnableConfigMultiaccountsetupAmazonawsComEnableAwsServiceAccessCustomResourceCustomResourcePolicy2A524CEE",
        "OrganizationEnableConfigMultiaccountsetupAmazonawsComEnableAwsServiceAccessCustomResource3A59621B",
        "OrganizationEnableServiceControlPolicyEnablePolicyTypeCustomResourceCustomResourcePolicy0EC006E9",
        "OrganizationEnableServiceControlPolicyEnablePolicyTypeCustomResource79180BC7",
        "OrganizationEnableSsmAmazonawsComEnableAwsServiceAccessCustomResourceCustomResourcePolicy8BE3ED27",
        "OrganizationEnableSsmAmazonawsComEnableAwsServiceAccessCustomResource4E491170",
        "OrganizationEnableTagPolicyEnablePolicyTypeCustomResourceCustomResourcePolicyC8763B19",
        "OrganizationEnableTagPolicyEnablePolicyTypeCustomResourceDCB6F18A",
        "Organization06E16095",
        "OrganizationRootRootCustomResourceCustomResourcePolicyB45F831E",
        "OrganizationRootRootCustomResourceBB74F060",
        "OrganizationRootTagsTagResourceCBEA7B2F",
        "OrganizationTrailEnableAWSServiceAccessCustomResourcePolicy11A32EEC",
        "OrganizationTrailEnableAWSServiceAccessA9BA486B",
        "OrganizationTrailOrganizationTrailBucketPolicy427FC147",
        "OrganizationTrailOrganizationTrailCreateCustomResourcePolicyA8E212DA",
      ],
      "Properties": Object {
        "Create": Object {
          "Fn::Join": Array [
            "",
            Array [
              "{\\"service\\":\\"CloudTrail\\",\\"action\\":\\"createTrail\\",\\"physicalResourceId\\":{\\"id\\":\\"OrganizationTrailCreate\\"},\\"parameters\\":{\\"IsMultiRegionTrail\\":true,\\"IsOrganizationTrail\\":true,\\"Name\\":\\"OrganizationTrail\\",\\"S3BucketName\\":\\"",
              Object {
                "Ref": "OrganizationTrailOrganizationTrailBucket31446F20",
              },
              "\\"}}",
            ],
          ],
        },
        "Delete": "{\\"service\\":\\"CloudTrail\\",\\"action\\":\\"deleteTrail\\",\\"parameters\\":{\\"Name\\":\\"OrganizationTrail\\"}}",
        "InstallLatestAwsSdk": false,
        "ServiceToken": Object {
          "Fn::GetAtt": Array [
            "AWS679f53fac002430cb0da5b7982bd22872D164C4C",
            "Arn",
          ],
        },
      },
      "Type": "Custom::AWS",
      "UpdateReplacePolicy": "Delete",
    },
    "OrganizationTrailOrganizationTrailCreateCustomResourcePolicyA8E212DA": Object {
      "DependsOn": Array [
        "OrganizationEnableAiservicesOptOutPolicyEnablePolicyTypeCustomResourceCustomResourcePolicyC87EE874",
        "OrganizationEnableAiservicesOptOutPolicyEnablePolicyTypeCustomResource1EB0D486",
        "OrganizationEnableBackupPolicyEnablePolicyTypeCustomResourceCustomResourcePolicyCDDB11A0",
        "OrganizationEnableBackupPolicyEnablePolicyTypeCustomResource7553BF5D",
        "OrganizationEnableConfigMultiaccountsetupAmazonawsComEnableAwsServiceAccessCustomResourceCustomResourcePolicy2A524CEE",
        "OrganizationEnableConfigMultiaccountsetupAmazonawsComEnableAwsServiceAccessCustomResource3A59621B",
        "OrganizationEnableServiceControlPolicyEnablePolicyTypeCustomResourceCustomResourcePolicy0EC006E9",
        "OrganizationEnableServiceControlPolicyEnablePolicyTypeCustomResource79180BC7",
        "OrganizationEnableSsmAmazonawsComEnableAwsServiceAccessCustomResourceCustomResourcePolicy8BE3ED27",
        "OrganizationEnableSsmAmazonawsComEnableAwsServiceAccessCustomResource4E491170",
        "OrganizationEnableTagPolicyEnablePolicyTypeCustomResourceCustomResourcePolicyC8763B19",
        "OrganizationEnableTagPolicyEnablePolicyTypeCustomResourceDCB6F18A",
        "Organization06E16095",
        "OrganizationRootRootCustomResourceCustomResourcePolicyB45F831E",
        "OrganizationRootRootCustomResourceBB74F060",
        "OrganizationRootTagsTagResourceCBEA7B2F",
        "OrganizationTrailEnableAWSServiceAccessCustomResourcePolicy11A32EEC",
        "OrganizationTrailEnableAWSServiceAccessA9BA486B",
        "OrganizationTrailOrganizationTrailBucketPolicy427FC147",
      ],
      "Properties": Object {
        "PolicyDocument": Object {
          "Statement": Array [
            Object {
              "Action": "cloudtrail:CreateTrail",
              "Effect": "Allow",
              "Resource": "*",
            },
            Object {
              "Action": "cloudtrail:DeleteTrail",
              "Effect": "Allow",
              "Resource": "*",
            },
          ],
          "Version": "2012-10-17",
        },
        "PolicyName": "OrganizationTrailOrganizationTrailCreateCustomResourcePolicyA8E212DA",
        "Roles": Array [
          Object {
            "Ref": "AWS679f53fac002430cb0da5b7982bd2287ServiceRoleC1EA0FF2",
          },
        ],
      },
      "Type": "AWS::IAM::Policy",
    },
    "OrganizationTrailOrganizationTrailStartLoggingCustomResourcePolicyF222534F": Object {
      "DependsOn": Array [
        "OrganizationEnableAiservicesOptOutPolicyEnablePolicyTypeCustomResourceCustomResourcePolicyC87EE874",
        "OrganizationEnableAiservicesOptOutPolicyEnablePolicyTypeCustomResource1EB0D486",
        "OrganizationEnableBackupPolicyEnablePolicyTypeCustomResourceCustomResourcePolicyCDDB11A0",
        "OrganizationEnableBackupPolicyEnablePolicyTypeCustomResource7553BF5D",
        "OrganizationEnableConfigMultiaccountsetupAmazonawsComEnableAwsServiceAccessCustomResourceCustomResourcePolicy2A524CEE",
        "OrganizationEnableConfigMultiaccountsetupAmazonawsComEnableAwsServiceAccessCustomResource3A59621B",
        "OrganizationEnableServiceControlPolicyEnablePolicyTypeCustomResourceCustomResourcePolicy0EC006E9",
        "OrganizationEnableServiceControlPolicyEnablePolicyTypeCustomResource79180BC7",
        "OrganizationEnableSsmAmazonawsComEnableAwsServiceAccessCustomResourceCustomResourcePolicy8BE3ED27",
        "OrganizationEnableSsmAmazonawsComEnableAwsServiceAccessCustomResource4E491170",
        "OrganizationEnableTagPolicyEnablePolicyTypeCustomResourceCustomResourcePolicyC8763B19",
        "OrganizationEnableTagPolicyEnablePolicyTypeCustomResourceDCB6F18A",
        "Organization06E16095",
        "OrganizationRootRootCustomResourceCustomResourcePolicyB45F831E",
        "OrganizationRootRootCustomResourceBB74F060",
        "OrganizationRootTagsTagResourceCBEA7B2F",
        "OrganizationTrailOrganizationTrailCreateCustomResourcePolicyA8E212DA",
        "OrganizationTrailOrganizationTrailCreate61482CB5",
      ],
      "Properties": Object {
        "PolicyDocument": Object {
          "Statement": Array [
            Object {
              "Action": "cloudtrail:StartLogging",
              "Effect": "Allow",
              "Resource": "*",
            },
            Object {
              "Action": "cloudtrail:StopLogging",
              "Effect": "Allow",
              "Resource": "*",
            },
          ],
          "Version": "2012-10-17",
        },
        "PolicyName": "OrganizationTrailOrganizationTrailStartLoggingCustomResourcePolicyF222534F",
        "Roles": Array [
          Object {
            "Ref": "AWS679f53fac002430cb0da5b7982bd2287ServiceRoleC1EA0FF2",
          },
        ],
      },
      "Type": "AWS::IAM::Policy",
    },
    "OrganizationTrailOrganizationTrailStartLoggingFE28E066": Object {
      "DeletionPolicy": "Delete",
      "DependsOn": Array [
        "OrganizationEnableAiservicesOptOutPolicyEnablePolicyTypeCustomResourceCustomResourcePolicyC87EE874",
        "OrganizationEnableAiservicesOptOutPolicyEnablePolicyTypeCustomResource1EB0D486",
        "OrganizationEnableBackupPolicyEnablePolicyTypeCustomResourceCustomResourcePolicyCDDB11A0",
        "OrganizationEnableBackupPolicyEnablePolicyTypeCustomResource7553BF5D",
        "OrganizationEnableConfigMultiaccountsetupAmazonawsComEnableAwsServiceAccessCustomResourceCustomResourcePolicy2A524CEE",
        "OrganizationEnableConfigMultiaccountsetupAmazonawsComEnableAwsServiceAccessCustomResource3A59621B",
        "OrganizationEnableServiceControlPolicyEnablePolicyTypeCustomResourceCustomResourcePolicy0EC006E9",
        "OrganizationEnableServiceControlPolicyEnablePolicyTypeCustomResource79180BC7",
        "OrganizationEnableSsmAmazonawsComEnableAwsServiceAccessCustomResourceCustomResourcePolicy8BE3ED27",
        "OrganizationEnableSsmAmazonawsComEnableAwsServiceAccessCustomResource4E491170",
        "OrganizationEnableTagPolicyEnablePolicyTypeCustomResourceCustomResourcePolicyC8763B19",
        "OrganizationEnableTagPolicyEnablePolicyTypeCustomResourceDCB6F18A",
        "Organization06E16095",
        "OrganizationRootRootCustomResourceCustomResourcePolicyB45F831E",
        "OrganizationRootRootCustomResourceBB74F060",
        "OrganizationRootTagsTagResourceCBEA7B2F",
        "OrganizationTrailOrganizationTrailCreateCustomResourcePolicyA8E212DA",
        "OrganizationTrailOrganizationTrailCreate61482CB5",
        "OrganizationTrailOrganizationTrailStartLoggingCustomResourcePolicyF222534F",
      ],
      "Properties": Object {
        "Create": "{\\"service\\":\\"CloudTrail\\",\\"action\\":\\"startLogging\\",\\"physicalResourceId\\":{\\"id\\":\\"OrganizationTrailStartLogging\\"},\\"parameters\\":{\\"Name\\":\\"OrganizationTrail\\"}}",
        "Delete": "{\\"service\\":\\"CloudTrail\\",\\"action\\":\\"stopLogging\\",\\"physicalResourceId\\":{\\"id\\":\\"OrganizationTrailStartLogging\\"},\\"parameters\\":{\\"Name\\":\\"OrganizationTrail\\"}}",
        "InstallLatestAwsSdk": false,
        "ServiceToken": Object {
          "Fn::GetAtt": Array [
            "AWS679f53fac002430cb0da5b7982bd22872D164C4C",
            "Arn",
          ],
        },
      },
      "Type": "Custom::AWS",
      "UpdateReplacePolicy": "Delete",
    },
    "SecureRootUserAutoRemediationRole8231D63D": Object {
      "DependsOn": Array [
        "OrganizationEnableAiservicesOptOutPolicyEnablePolicyTypeCustomResourceCustomResourcePolicyC87EE874",
        "OrganizationEnableAiservicesOptOutPolicyEnablePolicyTypeCustomResource1EB0D486",
        "OrganizationEnableBackupPolicyEnablePolicyTypeCustomResourceCustomResourcePolicyCDDB11A0",
        "OrganizationEnableBackupPolicyEnablePolicyTypeCustomResource7553BF5D",
        "OrganizationEnableConfigMultiaccountsetupAmazonawsComEnableAwsServiceAccessCustomResourceCustomResourcePolicy2A524CEE",
        "OrganizationEnableConfigMultiaccountsetupAmazonawsComEnableAwsServiceAccessCustomResource3A59621B",
        "OrganizationEnableServiceControlPolicyEnablePolicyTypeCustomResourceCustomResourcePolicy0EC006E9",
        "OrganizationEnableServiceControlPolicyEnablePolicyTypeCustomResource79180BC7",
        "OrganizationEnableSsmAmazonawsComEnableAwsServiceAccessCustomResourceCustomResourcePolicy8BE3ED27",
        "OrganizationEnableSsmAmazonawsComEnableAwsServiceAccessCustomResource4E491170",
        "OrganizationEnableTagPolicyEnablePolicyTypeCustomResourceCustomResourcePolicyC8763B19",
        "OrganizationEnableTagPolicyEnablePolicyTypeCustomResourceDCB6F18A",
        "Organization06E16095",
        "OrganizationRootRootCustomResourceCustomResourcePolicyB45F831E",
        "OrganizationRootRootCustomResourceBB74F060",
        "OrganizationRootTagsTagResourceCBEA7B2F",
      ],
      "Properties": Object {
        "AssumeRolePolicyDocument": Object {
          "Statement": Array [
            Object {
              "Action": "sts:AssumeRole",
              "Effect": "Allow",
              "Principal": Object {
                "Service": Array [
                  "events.amazonaws.com",
                  "ssm.amazonaws.com",
                ],
              },
            },
            Object {
              "Action": "sts:AssumeRole",
              "Effect": "Allow",
              "Principal": Object {
                "Service": "ssm.amazonaws.com",
              },
            },
          ],
          "Version": "2012-10-17",
        },
        "Tags": Array [
          Object {
            "Key": "ExampleTagKey",
            "Value": "ExampleTagValue",
          },
        ],
      },
      "Type": "AWS::IAM::Role",
    },
    "SecureRootUserAutoRemediationRoleDefaultPolicy9B4F3A54": Object {
      "DependsOn": Array [
        "OrganizationEnableAiservicesOptOutPolicyEnablePolicyTypeCustomResourceCustomResourcePolicyC87EE874",
        "OrganizationEnableAiservicesOptOutPolicyEnablePolicyTypeCustomResource1EB0D486",
        "OrganizationEnableBackupPolicyEnablePolicyTypeCustomResourceCustomResourcePolicyCDDB11A0",
        "OrganizationEnableBackupPolicyEnablePolicyTypeCustomResource7553BF5D",
        "OrganizationEnableConfigMultiaccountsetupAmazonawsComEnableAwsServiceAccessCustomResourceCustomResourcePolicy2A524CEE",
        "OrganizationEnableConfigMultiaccountsetupAmazonawsComEnableAwsServiceAccessCustomResource3A59621B",
        "OrganizationEnableServiceControlPolicyEnablePolicyTypeCustomResourceCustomResourcePolicy0EC006E9",
        "OrganizationEnableServiceControlPolicyEnablePolicyTypeCustomResource79180BC7",
        "OrganizationEnableSsmAmazonawsComEnableAwsServiceAccessCustomResourceCustomResourcePolicy8BE3ED27",
        "OrganizationEnableSsmAmazonawsComEnableAwsServiceAccessCustomResource4E491170",
        "OrganizationEnableTagPolicyEnablePolicyTypeCustomResourceCustomResourcePolicyC8763B19",
        "OrganizationEnableTagPolicyEnablePolicyTypeCustomResourceDCB6F18A",
        "Organization06E16095",
        "OrganizationRootRootCustomResourceCustomResourcePolicyB45F831E",
        "OrganizationRootRootCustomResourceBB74F060",
        "OrganizationRootTagsTagResourceCBEA7B2F",
      ],
      "Properties": Object {
        "PolicyDocument": Object {
          "Statement": Array [
            Object {
              "Action": "sns:Publish",
              "Effect": "Allow",
              "Resource": Object {
                "Ref": "SecureRootUserSecureRootUserConfigTopic9EA61153",
              },
            },
          ],
          "Version": "2012-10-17",
        },
        "PolicyName": "SecureRootUserAutoRemediationRoleDefaultPolicy9B4F3A54",
        "Roles": Array [
          Object {
            "Ref": "SecureRootUserAutoRemediationRole8231D63D",
          },
        ],
      },
      "Type": "AWS::IAM::Policy",
    },
    "SecureRootUserConfigRecorderConfigBucket9450FE1B": Object {
      "DeletionPolicy": "Retain",
      "DependsOn": Array [
        "OrganizationEnableAiservicesOptOutPolicyEnablePolicyTypeCustomResourceCustomResourcePolicyC87EE874",
        "OrganizationEnableAiservicesOptOutPolicyEnablePolicyTypeCustomResource1EB0D486",
        "OrganizationEnableBackupPolicyEnablePolicyTypeCustomResourceCustomResourcePolicyCDDB11A0",
        "OrganizationEnableBackupPolicyEnablePolicyTypeCustomResource7553BF5D",
        "OrganizationEnableConfigMultiaccountsetupAmazonawsComEnableAwsServiceAccessCustomResourceCustomResourcePolicy2A524CEE",
        "OrganizationEnableConfigMultiaccountsetupAmazonawsComEnableAwsServiceAccessCustomResource3A59621B",
        "OrganizationEnableServiceControlPolicyEnablePolicyTypeCustomResourceCustomResourcePolicy0EC006E9",
        "OrganizationEnableServiceControlPolicyEnablePolicyTypeCustomResource79180BC7",
        "OrganizationEnableSsmAmazonawsComEnableAwsServiceAccessCustomResourceCustomResourcePolicy8BE3ED27",
        "OrganizationEnableSsmAmazonawsComEnableAwsServiceAccessCustomResource4E491170",
        "OrganizationEnableTagPolicyEnablePolicyTypeCustomResourceCustomResourcePolicyC8763B19",
        "OrganizationEnableTagPolicyEnablePolicyTypeCustomResourceDCB6F18A",
        "Organization06E16095",
        "OrganizationRootRootCustomResourceCustomResourcePolicyB45F831E",
        "OrganizationRootRootCustomResourceBB74F060",
        "OrganizationRootTagsTagResourceCBEA7B2F",
      ],
      "Properties": Object {
        "PublicAccessBlockConfiguration": Object {
          "BlockPublicAcls": true,
          "BlockPublicPolicy": true,
          "IgnorePublicAcls": true,
          "RestrictPublicBuckets": true,
        },
        "Tags": Array [
          Object {
            "Key": "ExampleTagKey",
            "Value": "ExampleTagValue",
          },
        ],
      },
      "Type": "AWS::S3::Bucket",
      "UpdateReplacePolicy": "Retain",
    },
    "SecureRootUserConfigRecorderConfigBucketPolicy4A222F22": Object {
      "DependsOn": Array [
        "OrganizationEnableAiservicesOptOutPolicyEnablePolicyTypeCustomResourceCustomResourcePolicyC87EE874",
        "OrganizationEnableAiservicesOptOutPolicyEnablePolicyTypeCustomResource1EB0D486",
        "OrganizationEnableBackupPolicyEnablePolicyTypeCustomResourceCustomResourcePolicyCDDB11A0",
        "OrganizationEnableBackupPolicyEnablePolicyTypeCustomResource7553BF5D",
        "OrganizationEnableConfigMultiaccountsetupAmazonawsComEnableAwsServiceAccessCustomResourceCustomResourcePolicy2A524CEE",
        "OrganizationEnableConfigMultiaccountsetupAmazonawsComEnableAwsServiceAccessCustomResource3A59621B",
        "OrganizationEnableServiceControlPolicyEnablePolicyTypeCustomResourceCustomResourcePolicy0EC006E9",
        "OrganizationEnableServiceControlPolicyEnablePolicyTypeCustomResource79180BC7",
        "OrganizationEnableSsmAmazonawsComEnableAwsServiceAccessCustomResourceCustomResourcePolicy8BE3ED27",
        "OrganizationEnableSsmAmazonawsComEnableAwsServiceAccessCustomResource4E491170",
        "OrganizationEnableTagPolicyEnablePolicyTypeCustomResourceCustomResourcePolicyC8763B19",
        "OrganizationEnableTagPolicyEnablePolicyTypeCustomResourceDCB6F18A",
        "Organization06E16095",
        "OrganizationRootRootCustomResourceCustomResourcePolicyB45F831E",
        "OrganizationRootRootCustomResourceBB74F060",
        "OrganizationRootTagsTagResourceCBEA7B2F",
      ],
      "Properties": Object {
        "Bucket": Object {
          "Ref": "SecureRootUserConfigRecorderConfigBucket9450FE1B",
        },
        "PolicyDocument": Object {
          "Statement": Array [
            Object {
              "Action": "*",
              "Condition": Object {
                "Bool": Object {
                  "aws:SecureTransport": false,
                },
              },
              "Effect": "Deny",
              "Principal": Object {
                "AWS": "*",
              },
              "Resource": Array [
                Object {
                  "Fn::GetAtt": Array [
                    "SecureRootUserConfigRecorderConfigBucket9450FE1B",
                    "Arn",
                  ],
                },
                Object {
                  "Fn::Join": Array [
                    "",
                    Array [
                      Object {
                        "Fn::GetAtt": Array [
                          "SecureRootUserConfigRecorderConfigBucket9450FE1B",
                          "Arn",
                        ],
                      },
                      "/*",
                    ],
                  ],
                },
              ],
            },
            Object {
              "Action": "s3:GetBucketAcl",
              "Effect": "Allow",
              "Principal": Object {
                "Service": "config.amazonaws.com",
              },
              "Resource": Object {
                "Fn::GetAtt": Array [
                  "SecureRootUserConfigRecorderConfigBucket9450FE1B",
                  "Arn",
                ],
              },
            },
            Object {
              "Action": "s3:PutObject",
              "Condition": Object {
                "StringEquals": Object {
                  "s3:x-amz-acl": "bucket-owner-full-control",
                },
              },
              "Effect": "Allow",
              "Principal": Object {
                "Service": "config.amazonaws.com",
              },
              "Resource": Object {
                "Fn::Join": Array [
                  "",
                  Array [
                    Object {
                      "Fn::GetAtt": Array [
                        "SecureRootUserConfigRecorderConfigBucket9450FE1B",
                        "Arn",
                      ],
                    },
                    "/*",
                  ],
                ],
              },
            },
          ],
          "Version": "2012-10-17",
        },
      },
      "Type": "AWS::S3::BucketPolicy",
    },
    "SecureRootUserConfigRecorderConfigDeliveryChannel204FF67E": Object {
      "DependsOn": Array [
        "OrganizationEnableAiservicesOptOutPolicyEnablePolicyTypeCustomResourceCustomResourcePolicyC87EE874",
        "OrganizationEnableAiservicesOptOutPolicyEnablePolicyTypeCustomResource1EB0D486",
        "OrganizationEnableBackupPolicyEnablePolicyTypeCustomResourceCustomResourcePolicyCDDB11A0",
        "OrganizationEnableBackupPolicyEnablePolicyTypeCustomResource7553BF5D",
        "OrganizationEnableConfigMultiaccountsetupAmazonawsComEnableAwsServiceAccessCustomResourceCustomResourcePolicy2A524CEE",
        "OrganizationEnableConfigMultiaccountsetupAmazonawsComEnableAwsServiceAccessCustomResource3A59621B",
        "OrganizationEnableServiceControlPolicyEnablePolicyTypeCustomResourceCustomResourcePolicy0EC006E9",
        "OrganizationEnableServiceControlPolicyEnablePolicyTypeCustomResource79180BC7",
        "OrganizationEnableSsmAmazonawsComEnableAwsServiceAccessCustomResourceCustomResourcePolicy8BE3ED27",
        "OrganizationEnableSsmAmazonawsComEnableAwsServiceAccessCustomResource4E491170",
        "OrganizationEnableTagPolicyEnablePolicyTypeCustomResourceCustomResourcePolicyC8763B19",
        "OrganizationEnableTagPolicyEnablePolicyTypeCustomResourceDCB6F18A",
        "Organization06E16095",
        "OrganizationRootRootCustomResourceCustomResourcePolicyB45F831E",
        "OrganizationRootRootCustomResourceBB74F060",
        "OrganizationRootTagsTagResourceCBEA7B2F",
      ],
      "Properties": Object {
        "Name": "ConfigDeliveryChannel",
        "S3BucketName": Object {
          "Ref": "SecureRootUserConfigRecorderConfigBucket9450FE1B",
        },
      },
      "Type": "AWS::Config::DeliveryChannel",
    },
    "SecureRootUserConfigRecorderConfigRecorderRoleC8136BC5": Object {
      "DependsOn": Array [
        "OrganizationEnableAiservicesOptOutPolicyEnablePolicyTypeCustomResourceCustomResourcePolicyC87EE874",
        "OrganizationEnableAiservicesOptOutPolicyEnablePolicyTypeCustomResource1EB0D486",
        "OrganizationEnableBackupPolicyEnablePolicyTypeCustomResourceCustomResourcePolicyCDDB11A0",
        "OrganizationEnableBackupPolicyEnablePolicyTypeCustomResource7553BF5D",
        "OrganizationEnableConfigMultiaccountsetupAmazonawsComEnableAwsServiceAccessCustomResourceCustomResourcePolicy2A524CEE",
        "OrganizationEnableConfigMultiaccountsetupAmazonawsComEnableAwsServiceAccessCustomResource3A59621B",
        "OrganizationEnableServiceControlPolicyEnablePolicyTypeCustomResourceCustomResourcePolicy0EC006E9",
        "OrganizationEnableServiceControlPolicyEnablePolicyTypeCustomResource79180BC7",
        "OrganizationEnableSsmAmazonawsComEnableAwsServiceAccessCustomResourceCustomResourcePolicy8BE3ED27",
        "OrganizationEnableSsmAmazonawsComEnableAwsServiceAccessCustomResource4E491170",
        "OrganizationEnableTagPolicyEnablePolicyTypeCustomResourceCustomResourcePolicyC8763B19",
        "OrganizationEnableTagPolicyEnablePolicyTypeCustomResourceDCB6F18A",
        "Organization06E16095",
        "OrganizationRootRootCustomResourceCustomResourcePolicyB45F831E",
        "OrganizationRootRootCustomResourceBB74F060",
        "OrganizationRootTagsTagResourceCBEA7B2F",
      ],
      "Properties": Object {
        "AssumeRolePolicyDocument": Object {
          "Statement": Array [
            Object {
              "Action": "sts:AssumeRole",
              "Effect": "Allow",
              "Principal": Object {
                "Service": "config.amazonaws.com",
              },
            },
          ],
          "Version": "2012-10-17",
        },
        "ManagedPolicyArns": Array [
          Object {
            "Fn::Join": Array [
              "",
              Array [
                "arn:",
                Object {
                  "Ref": "AWS::Partition",
                },
                ":iam::aws:policy/service-role/AWSConfigRole",
              ],
            ],
          },
        ],
        "Tags": Array [
          Object {
            "Key": "ExampleTagKey",
            "Value": "ExampleTagValue",
          },
        ],
      },
      "Type": "AWS::IAM::Role",
    },
    "SecureRootUserConfigRecorderD4344F7C": Object {
      "DependsOn": Array [
        "OrganizationEnableAiservicesOptOutPolicyEnablePolicyTypeCustomResourceCustomResourcePolicyC87EE874",
        "OrganizationEnableAiservicesOptOutPolicyEnablePolicyTypeCustomResource1EB0D486",
        "OrganizationEnableBackupPolicyEnablePolicyTypeCustomResourceCustomResourcePolicyCDDB11A0",
        "OrganizationEnableBackupPolicyEnablePolicyTypeCustomResource7553BF5D",
        "OrganizationEnableConfigMultiaccountsetupAmazonawsComEnableAwsServiceAccessCustomResourceCustomResourcePolicy2A524CEE",
        "OrganizationEnableConfigMultiaccountsetupAmazonawsComEnableAwsServiceAccessCustomResource3A59621B",
        "OrganizationEnableServiceControlPolicyEnablePolicyTypeCustomResourceCustomResourcePolicy0EC006E9",
        "OrganizationEnableServiceControlPolicyEnablePolicyTypeCustomResource79180BC7",
        "OrganizationEnableSsmAmazonawsComEnableAwsServiceAccessCustomResourceCustomResourcePolicy8BE3ED27",
        "OrganizationEnableSsmAmazonawsComEnableAwsServiceAccessCustomResource4E491170",
        "OrganizationEnableTagPolicyEnablePolicyTypeCustomResourceCustomResourcePolicyC8763B19",
        "OrganizationEnableTagPolicyEnablePolicyTypeCustomResourceDCB6F18A",
        "Organization06E16095",
        "OrganizationRootRootCustomResourceCustomResourcePolicyB45F831E",
        "OrganizationRootRootCustomResourceBB74F060",
        "OrganizationRootTagsTagResourceCBEA7B2F",
      ],
      "Properties": Object {
        "Name": "BlueprintConfigRecorder",
        "RecordingGroup": Object {
          "ResourceTypes": Array [
            "AWS::IAM::User",
          ],
        },
        "RoleARN": Object {
          "Fn::GetAtt": Array [
            "SecureRootUserConfigRecorderConfigRecorderRoleC8136BC5",
            "Arn",
          ],
        },
      },
      "Type": "AWS::Config::ConfigurationRecorder",
    },
    "SecureRootUserEnableRootMfa127161FE": Object {
      "DependsOn": Array [
        "OrganizationEnableAiservicesOptOutPolicyEnablePolicyTypeCustomResourceCustomResourcePolicyC87EE874",
        "OrganizationEnableAiservicesOptOutPolicyEnablePolicyTypeCustomResource1EB0D486",
        "OrganizationEnableBackupPolicyEnablePolicyTypeCustomResourceCustomResourcePolicyCDDB11A0",
        "OrganizationEnableBackupPolicyEnablePolicyTypeCustomResource7553BF5D",
        "OrganizationEnableConfigMultiaccountsetupAmazonawsComEnableAwsServiceAccessCustomResourceCustomResourcePolicy2A524CEE",
        "OrganizationEnableConfigMultiaccountsetupAmazonawsComEnableAwsServiceAccessCustomResource3A59621B",
        "OrganizationEnableServiceControlPolicyEnablePolicyTypeCustomResourceCustomResourcePolicy0EC006E9",
        "OrganizationEnableServiceControlPolicyEnablePolicyTypeCustomResource79180BC7",
        "OrganizationEnableSsmAmazonawsComEnableAwsServiceAccessCustomResourceCustomResourcePolicy8BE3ED27",
        "OrganizationEnableSsmAmazonawsComEnableAwsServiceAccessCustomResource4E491170",
        "OrganizationEnableTagPolicyEnablePolicyTypeCustomResourceCustomResourcePolicyC8763B19",
        "OrganizationEnableTagPolicyEnablePolicyTypeCustomResourceDCB6F18A",
        "Organization06E16095",
        "OrganizationRootRootCustomResourceCustomResourcePolicyB45F831E",
        "OrganizationRootRootCustomResourceBB74F060",
        "OrganizationRootTagsTagResourceCBEA7B2F",
        "SecureRootUserConfigRecorderConfigBucketPolicy4A222F22",
        "SecureRootUserConfigRecorderConfigBucket9450FE1B",
        "SecureRootUserConfigRecorderConfigDeliveryChannel204FF67E",
        "SecureRootUserConfigRecorderD4344F7C",
        "SecureRootUserConfigRecorderConfigRecorderRoleC8136BC5",
      ],
      "Properties": Object {
        "MaximumExecutionFrequency": "TwentyFour_Hours",
        "Source": Object {
          "Owner": "AWS",
          "SourceIdentifier": "ROOT_ACCOUNT_MFA_ENABLED",
        },
      },
      "Type": "AWS::Config::ConfigRule",
    },
    "SecureRootUserNoRootAccessKey358044E9": Object {
      "DependsOn": Array [
        "OrganizationEnableAiservicesOptOutPolicyEnablePolicyTypeCustomResourceCustomResourcePolicyC87EE874",
        "OrganizationEnableAiservicesOptOutPolicyEnablePolicyTypeCustomResource1EB0D486",
        "OrganizationEnableBackupPolicyEnablePolicyTypeCustomResourceCustomResourcePolicyCDDB11A0",
        "OrganizationEnableBackupPolicyEnablePolicyTypeCustomResource7553BF5D",
        "OrganizationEnableConfigMultiaccountsetupAmazonawsComEnableAwsServiceAccessCustomResourceCustomResourcePolicy2A524CEE",
        "OrganizationEnableConfigMultiaccountsetupAmazonawsComEnableAwsServiceAccessCustomResource3A59621B",
        "OrganizationEnableServiceControlPolicyEnablePolicyTypeCustomResourceCustomResourcePolicy0EC006E9",
        "OrganizationEnableServiceControlPolicyEnablePolicyTypeCustomResource79180BC7",
        "OrganizationEnableSsmAmazonawsComEnableAwsServiceAccessCustomResourceCustomResourcePolicy8BE3ED27",
        "OrganizationEnableSsmAmazonawsComEnableAwsServiceAccessCustomResource4E491170",
        "OrganizationEnableTagPolicyEnablePolicyTypeCustomResourceCustomResourcePolicyC8763B19",
        "OrganizationEnableTagPolicyEnablePolicyTypeCustomResourceDCB6F18A",
        "Organization06E16095",
        "OrganizationRootRootCustomResourceCustomResourcePolicyB45F831E",
        "OrganizationRootRootCustomResourceBB74F060",
        "OrganizationRootTagsTagResourceCBEA7B2F",
        "SecureRootUserConfigRecorderConfigBucketPolicy4A222F22",
        "SecureRootUserConfigRecorderConfigBucket9450FE1B",
        "SecureRootUserConfigRecorderConfigDeliveryChannel204FF67E",
        "SecureRootUserConfigRecorderD4344F7C",
        "SecureRootUserConfigRecorderConfigRecorderRoleC8136BC5",
      ],
      "Properties": Object {
        "MaximumExecutionFrequency": "TwentyFour_Hours",
        "Source": Object {
          "Owner": "AWS",
          "SourceIdentifier": "IAM_ROOT_ACCESS_KEY_CHECK",
        },
      },
      "Type": "AWS::Config::ConfigRule",
    },
    "SecureRootUserNotificationEnableRootMfaBF6FD805": Object {
      "DependsOn": Array [
        "OrganizationEnableAiservicesOptOutPolicyEnablePolicyTypeCustomResourceCustomResourcePolicyC87EE874",
        "OrganizationEnableAiservicesOptOutPolicyEnablePolicyTypeCustomResource1EB0D486",
        "OrganizationEnableBackupPolicyEnablePolicyTypeCustomResourceCustomResourcePolicyCDDB11A0",
        "OrganizationEnableBackupPolicyEnablePolicyTypeCustomResource7553BF5D",
        "OrganizationEnableConfigMultiaccountsetupAmazonawsComEnableAwsServiceAccessCustomResourceCustomResourcePolicy2A524CEE",
        "OrganizationEnableConfigMultiaccountsetupAmazonawsComEnableAwsServiceAccessCustomResource3A59621B",
        "OrganizationEnableServiceControlPolicyEnablePolicyTypeCustomResourceCustomResourcePolicy0EC006E9",
        "OrganizationEnableServiceControlPolicyEnablePolicyTypeCustomResource79180BC7",
        "OrganizationEnableSsmAmazonawsComEnableAwsServiceAccessCustomResourceCustomResourcePolicy8BE3ED27",
        "OrganizationEnableSsmAmazonawsComEnableAwsServiceAccessCustomResource4E491170",
        "OrganizationEnableTagPolicyEnablePolicyTypeCustomResourceCustomResourcePolicyC8763B19",
        "OrganizationEnableTagPolicyEnablePolicyTypeCustomResourceDCB6F18A",
        "Organization06E16095",
        "OrganizationRootRootCustomResourceCustomResourcePolicyB45F831E",
        "OrganizationRootRootCustomResourceBB74F060",
        "OrganizationRootTagsTagResourceCBEA7B2F",
      ],
      "Properties": Object {
        "Automatic": true,
        "ConfigRuleName": Object {
          "Ref": "SecureRootUserEnableRootMfa127161FE",
        },
        "MaximumAutomaticAttempts": 1,
        "Parameters": Object {
          "AutomationAssumeRole": Object {
            "StaticValue": Object {
              "Values": Array [
                Object {
                  "Fn::GetAtt": Array [
                    "SecureRootUserAutoRemediationRole8231D63D",
                    "Arn",
                  ],
                },
              ],
            },
          },
          "Message": Object {
            "StaticValue": Object {
              "Values": Array [
                Object {
                  "Fn::Join": Array [
                    "",
                    Array [
                      "Your main account (",
                      Object {
                        "Ref": "AWS::AccountId",
                      },
                      ") root user still not have MFA activated.
	1. Go to https://signin.aws.amazon.com/console and sign in using your root account
	2. Go to https://console.aws.amazon.com/iam/home#/security_credentials
	3. Activate MFA",
                    ],
                  ],
                },
              ],
            },
          },
          "TopicArn": Object {
            "StaticValue": Object {
              "Values": Array [
                Object {
                  "Ref": "SecureRootUserSecureRootUserConfigTopic9EA61153",
                },
              ],
            },
          },
        },
        "RetryAttemptSeconds": 60,
        "TargetId": "AWS-PublishSNSNotification",
        "TargetType": "SSM_DOCUMENT",
        "TargetVersion": "1",
      },
      "Type": "AWS::Config::RemediationConfiguration",
    },
    "SecureRootUserNotificationNoRootAccessKey5717E453": Object {
      "DependsOn": Array [
        "OrganizationEnableAiservicesOptOutPolicyEnablePolicyTypeCustomResourceCustomResourcePolicyC87EE874",
        "OrganizationEnableAiservicesOptOutPolicyEnablePolicyTypeCustomResource1EB0D486",
        "OrganizationEnableBackupPolicyEnablePolicyTypeCustomResourceCustomResourcePolicyCDDB11A0",
        "OrganizationEnableBackupPolicyEnablePolicyTypeCustomResource7553BF5D",
        "OrganizationEnableConfigMultiaccountsetupAmazonawsComEnableAwsServiceAccessCustomResourceCustomResourcePolicy2A524CEE",
        "OrganizationEnableConfigMultiaccountsetupAmazonawsComEnableAwsServiceAccessCustomResource3A59621B",
        "OrganizationEnableServiceControlPolicyEnablePolicyTypeCustomResourceCustomResourcePolicy0EC006E9",
        "OrganizationEnableServiceControlPolicyEnablePolicyTypeCustomResource79180BC7",
        "OrganizationEnableSsmAmazonawsComEnableAwsServiceAccessCustomResourceCustomResourcePolicy8BE3ED27",
        "OrganizationEnableSsmAmazonawsComEnableAwsServiceAccessCustomResource4E491170",
        "OrganizationEnableTagPolicyEnablePolicyTypeCustomResourceCustomResourcePolicyC8763B19",
        "OrganizationEnableTagPolicyEnablePolicyTypeCustomResourceDCB6F18A",
        "Organization06E16095",
        "OrganizationRootRootCustomResourceCustomResourcePolicyB45F831E",
        "OrganizationRootRootCustomResourceBB74F060",
        "OrganizationRootTagsTagResourceCBEA7B2F",
      ],
      "Properties": Object {
        "Automatic": true,
        "ConfigRuleName": Object {
          "Ref": "SecureRootUserNoRootAccessKey358044E9",
        },
        "MaximumAutomaticAttempts": 1,
        "Parameters": Object {
          "AutomationAssumeRole": Object {
            "StaticValue": Object {
              "Values": Array [
                Object {
                  "Fn::GetAtt": Array [
                    "SecureRootUserAutoRemediationRole8231D63D",
                    "Arn",
                  ],
                },
              ],
            },
          },
          "Message": Object {
            "StaticValue": Object {
              "Values": Array [
                Object {
                  "Fn::Join": Array [
                    "",
                    Array [
                      "Your main account (",
                      Object {
                        "Ref": "AWS::AccountId",
                      },
                      ") root user have static access keys.
	1. Go to https://signin.aws.amazon.com/console and sign in using your root account
	2. Go to https://console.aws.amazon.com/iam/home#/security_credentials
	3. Delete your Access keys",
                    ],
                  ],
                },
              ],
            },
          },
          "TopicArn": Object {
            "StaticValue": Object {
              "Values": Array [
                Object {
                  "Ref": "SecureRootUserSecureRootUserConfigTopic9EA61153",
                },
              ],
            },
          },
        },
        "RetryAttemptSeconds": 60,
        "TargetId": "AWS-PublishSNSNotification",
        "TargetType": "SSM_DOCUMENT",
        "TargetVersion": "1",
      },
      "Type": "AWS::Config::RemediationConfiguration",
    },
    "SecureRootUserSecureRootUserConfigTopic9EA61153": Object {
      "DependsOn": Array [
        "OrganizationEnableAiservicesOptOutPolicyEnablePolicyTypeCustomResourceCustomResourcePolicyC87EE874",
        "OrganizationEnableAiservicesOptOutPolicyEnablePolicyTypeCustomResource1EB0D486",
        "OrganizationEnableBackupPolicyEnablePolicyTypeCustomResourceCustomResourcePolicyCDDB11A0",
        "OrganizationEnableBackupPolicyEnablePolicyTypeCustomResource7553BF5D",
        "OrganizationEnableConfigMultiaccountsetupAmazonawsComEnableAwsServiceAccessCustomResourceCustomResourcePolicy2A524CEE",
        "OrganizationEnableConfigMultiaccountsetupAmazonawsComEnableAwsServiceAccessCustomResource3A59621B",
        "OrganizationEnableServiceControlPolicyEnablePolicyTypeCustomResourceCustomResourcePolicy0EC006E9",
        "OrganizationEnableServiceControlPolicyEnablePolicyTypeCustomResource79180BC7",
        "OrganizationEnableSsmAmazonawsComEnableAwsServiceAccessCustomResourceCustomResourcePolicy8BE3ED27",
        "OrganizationEnableSsmAmazonawsComEnableAwsServiceAccessCustomResource4E491170",
        "OrganizationEnableTagPolicyEnablePolicyTypeCustomResourceCustomResourcePolicyC8763B19",
        "OrganizationEnableTagPolicyEnablePolicyTypeCustomResourceDCB6F18A",
        "Organization06E16095",
        "OrganizationRootRootCustomResourceCustomResourcePolicyB45F831E",
        "OrganizationRootRootCustomResourceBB74F060",
        "OrganizationRootTagsTagResourceCBEA7B2F",
      ],
      "Properties": Object {
        "Tags": Array [
          Object {
            "Key": "ExampleTagKey",
            "Value": "ExampleTagValue",
          },
        ],
      },
      "Type": "AWS::SNS::Topic",
    },
    "SecureRootUserSecureRootUserConfigTopicyouremailgmailcom00428BD1": Object {
      "DependsOn": Array [
        "OrganizationEnableAiservicesOptOutPolicyEnablePolicyTypeCustomResourceCustomResourcePolicyC87EE874",
        "OrganizationEnableAiservicesOptOutPolicyEnablePolicyTypeCustomResource1EB0D486",
        "OrganizationEnableBackupPolicyEnablePolicyTypeCustomResourceCustomResourcePolicyCDDB11A0",
        "OrganizationEnableBackupPolicyEnablePolicyTypeCustomResource7553BF5D",
        "OrganizationEnableConfigMultiaccountsetupAmazonawsComEnableAwsServiceAccessCustomResourceCustomResourcePolicy2A524CEE",
        "OrganizationEnableConfigMultiaccountsetupAmazonawsComEnableAwsServiceAccessCustomResource3A59621B",
        "OrganizationEnableServiceControlPolicyEnablePolicyTypeCustomResourceCustomResourcePolicy0EC006E9",
        "OrganizationEnableServiceControlPolicyEnablePolicyTypeCustomResource79180BC7",
        "OrganizationEnableSsmAmazonawsComEnableAwsServiceAccessCustomResourceCustomResourcePolicy8BE3ED27",
        "OrganizationEnableSsmAmazonawsComEnableAwsServiceAccessCustomResource4E491170",
        "OrganizationEnableTagPolicyEnablePolicyTypeCustomResourceCustomResourcePolicyC8763B19",
        "OrganizationEnableTagPolicyEnablePolicyTypeCustomResourceDCB6F18A",
        "Organization06E16095",
        "OrganizationRootRootCustomResourceCustomResourcePolicyB45F831E",
        "OrganizationRootRootCustomResourceBB74F060",
        "OrganizationRootTagsTagResourceCBEA7B2F",
      ],
      "Properties": Object {
        "Endpoint": "your_email@gmail.com",
        "Protocol": "email",
        "TopicArn": Object {
          "Ref": "SecureRootUserSecureRootUserConfigTopic9EA61153",
        },
      },
      "Type": "AWS::SNS::Subscription",
    },
    "VerifyEmailVerifyEmailIdentityyouremailexamplegmailcom4A7F4478": Object {
      "DeletionPolicy": "Delete",
      "DependsOn": Array [
        "ExampleCreateAccount88E1A10C",
        "ExampleTagsTagResource07FC6C8C",
        "VerifyEmailVerifyEmailIdentityyouremailexamplegmailcomCustomResourcePolicy2CF08527",
      ],
      "Properties": Object {
        "Create": Object {
          "Fn::Join": Array [
            "",
            Array [
              "{\\"service\\":\\"SES\\",\\"action\\":\\"verifyEmailIdentity\\",\\"parameters\\":{\\"EmailAddress\\":\\"your_email+example@gmail.com\\"},\\"physicalResourceId\\":{\\"id\\":\\"verify-your_email+example@gmail.com\\"},\\"region\\":\\"",
              Object {
                "Ref": "AWS::Region",
              },
              "\\"}",
            ],
          ],
        },
        "Delete": Object {
          "Fn::Join": Array [
            "",
            Array [
              "{\\"service\\":\\"SES\\",\\"action\\":\\"deleteIdentity\\",\\"parameters\\":{\\"Identity\\":\\"your_email+example@gmail.com\\"},\\"region\\":\\"",
              Object {
                "Ref": "AWS::Region",
              },
              "\\"}",
            ],
          ],
        },
        "InstallLatestAwsSdk": true,
        "ServiceToken": Object {
          "Fn::GetAtt": Array [
            "AWS679f53fac002430cb0da5b7982bd22872D164C4C",
            "Arn",
          ],
        },
      },
      "Type": "Custom::AWS",
      "UpdateReplacePolicy": "Delete",
    },
    "VerifyEmailVerifyEmailIdentityyouremailexamplegmailcomCustomResourcePolicy2CF08527": Object {
      "DependsOn": Array [
        "ExampleCreateAccount88E1A10C",
        "ExampleTagsTagResource07FC6C8C",
      ],
      "Properties": Object {
        "PolicyDocument": Object {
          "Statement": Array [
            Object {
              "Action": Array [
                "ses:VerifyEmailIdentity",
                "ses:DeleteIdentity",
              ],
              "Effect": "Allow",
              "Resource": "*",
            },
          ],
          "Version": "2012-10-17",
        },
        "PolicyName": "VerifyEmailVerifyEmailIdentityyouremailexamplegmailcomCustomResourcePolicy2CF08527",
        "Roles": Array [
          Object {
            "Ref": "AWS679f53fac002430cb0da5b7982bd2287ServiceRoleC1EA0FF2",
          },
        ],
      },
      "Type": "AWS::IAM::Policy",
    },
    "cdkorganizationsAccountProviderNestedStackcdkorganizationsAccountProviderNestedStackResourceA1C2E3D5": Object {
      "DeletionPolicy": "Delete",
      "Properties": Object {
        "Tags": Array [
          Object {
            "Key": "ExampleTagKey",
            "Value": "ExampleTagValue",
          },
        ],
        "TemplateURL": Object {
          "Fn::Join": Array [
            "",
            Array [
              "https://s3.",
              Object {
                "Ref": "AWS::Region",
              },
              ".",
              Object {
                "Ref": "AWS::URLSuffix",
              },
              "/",
              Object {
                "Fn::Sub": "cdk-hnb659fds-assets-\${AWS::AccountId}-\${AWS::Region}",
              },
              "/caf116b64357fa55021d8070c3a0c5af342714463da30654f3ce4acb38b628d8.json",
            ],
          ],
        },
      },
      "Type": "AWS::CloudFormation::Stack",
      "UpdateReplacePolicy": "Delete",
    },
    "cdkorganizationsOrganizationProviderNestedStackcdkorganizationsOrganizationProviderNestedStackResourceE0751832": Object {
      "DeletionPolicy": "Delete",
      "Properties": Object {
        "Tags": Array [
          Object {
            "Key": "ExampleTagKey",
            "Value": "ExampleTagValue",
          },
        ],
        "TemplateURL": Object {
          "Fn::Join": Array [
            "",
            Array [
              "https://s3.",
              Object {
                "Ref": "AWS::Region",
              },
              ".",
              Object {
                "Ref": "AWS::URLSuffix",
              },
              "/",
              Object {
                "Fn::Sub": "cdk-hnb659fds-assets-\${AWS::AccountId}-\${AWS::Region}",
              },
              "/fac43dd824cb5d678979435ad1b650f389d207336cdd1e60c6c8d0fc46da78e5.json",
            ],
          ],
        },
      },
      "Type": "AWS::CloudFormation::Stack",
      "UpdateReplacePolicy": "Delete",
    },
    "cdkorganizationsOrganizationalUnitProviderNestedStackcdkorganizationsOrganizationalUnitProviderNestedStackResource4FB360EE": Object {
      "DeletionPolicy": "Delete",
      "Properties": Object {
        "Tags": Array [
          Object {
            "Key": "ExampleTagKey",
            "Value": "ExampleTagValue",
          },
        ],
        "TemplateURL": Object {
          "Fn::Join": Array [
            "",
            Array [
              "https://s3.",
              Object {
                "Ref": "AWS::Region",
              },
              ".",
              Object {
                "Ref": "AWS::URLSuffix",
              },
              "/",
              Object {
                "Fn::Sub": "cdk-hnb659fds-assets-\${AWS::AccountId}-\${AWS::Region}",
              },
              "/484029a3dcfe6438551fbf684d676c2eeaccaaf779b0db8c8fce5e5aa792b426.json",
            ],
          ],
        },
      },
      "Type": "AWS::CloudFormation::Stack",
      "UpdateReplacePolicy": "Delete",
    },
    "cdkorganizationsTagResourceProviderNestedStackcdkorganizationsTagResourceProviderNestedStackResourceA7B8DF96": Object {
      "DeletionPolicy": "Delete",
      "Properties": Object {
        "Tags": Array [
          Object {
            "Key": "ExampleTagKey",
            "Value": "ExampleTagValue",
          },
        ],
        "TemplateURL": Object {
          "Fn::Join": Array [
            "",
            Array [
              "https://s3.",
              Object {
                "Ref": "AWS::Region",
              },
              ".",
              Object {
                "Ref": "AWS::URLSuffix",
              },
              "/",
              Object {
                "Fn::Sub": "cdk-hnb659fds-assets-\${AWS::AccountId}-\${AWS::Region}",
              },
              "/3c998374eb85aee5fc5e87639f84f7c7ee7ac27bad4d59480405498e872bdac8.json",
            ],
          ],
        },
      },
      "Type": "AWS::CloudFormation::Stack",
      "UpdateReplacePolicy": "Delete",
    },
  },
  "Rules": Object {
    "CheckBootstrapVersion": Object {
      "Assertions": Array [
        Object {
          "Assert": Object {
            "Fn::Not": Array [
              Object {
                "Fn::Contains": Array [
                  Array [
                    "1",
                    "2",
                    "3",
                    "4",
                    "5",
                  ],
                  Object {
                    "Ref": "BootstrapVersion",
                  },
                ],
              },
            ],
          },
          "AssertDescription": "CDK bootstrap stack version 6 required. Please run 'cdk bootstrap' with a recent version of the CDK CLI.",
        },
      ],
    },
  },
}
`;
